// Jest Snapshot v1, https://goo.gl/fbAQLP

exports[`TracklistPageHeader Component renders correctly 1`] = `
Array [
  <div
    className="playlistPageInfo"
  >
    <div
      className="playlistPageImage"
    >
      <img
        alt="track-card"
        src="https://i.scdn.co/image/ab67616d0000b2736040effba89b9b00a6f6743a"
      />
    </div>
    <div
      className="playlistPageContent"
    >
      <p
        className="smallText uppercase bold"
        style={
          Object {
            "color": "white",
          }
        }
      >
        mock title
      </p>
      <h1
        style={
          Object {
            "color": "white",
            "fontSize": "40px",
          }
        }
      >
        album Name
      </h1>
      <div
        className="playlistPageDesc"
      >
        <p
          className="spotify"
          style={
            Object {
              "color": "white",
            }
          }
        >
          Lady Gaga
        </p>
      </div>
    </div>
  </div>,
  <div
    className="playlistPageSongs"
  >
    <div
      className="playlistButtons"
    >
      <span
        className="playIcon"
        onClick={[MockFunction]}
      >
        <svg>
          play.svg
        </svg>
      </span>
      <div
        className="icons"
      >
        <div
          className="icon iconsHeart"
          onClick={[MockFunction]}
        >
          <svg
            id="heart-icon"
          >
            heart.svg
          </svg>
        </div>
        <div
          className="icon iconsDots"
        />
      </div>
    </div>
  </div>,
]
`;
